Simulator report for DMFBTrainMoveVoltageGenerator
Wed Apr 29 01:13:17 2015
Quartus II Version 9.0 Build 235 06/17/2009 Service Pack 2 SJ Web Edition


---------------------
; Table of Contents ;
---------------------
  1. Legal Notice
  2. Simulator Summary
  3. Simulator Settings
  4. Simulation Waveforms
  5. Coverage Summary
  6. Complete 1/0-Value Coverage
  7. Missing 1-Value Coverage
  8. Missing 0-Value Coverage
  9. Simulator INI Usage
 10. Simulator Messages



----------------
; Legal Notice ;
----------------
Copyright (C) 1991-2009 Altera Corporation
Your use of Altera Corporation's design tools, logic functions 
and other software and tools, and its AMPP partner logic 
functions, and any output files from any of the foregoing 
(including device programming or simulation files), and any 
associated documentation or information are expressly subject 
to the terms and conditions of the Altera Program License 
Subscription Agreement, Altera MegaCore Function License 
Agreement, or other applicable license agreement, including, 
without limitation, that your use is for the sole purpose of 
programming logic devices manufactured by Altera and sold by 
Altera or its authorized distributors.  Please refer to the 
applicable agreement for further details.



+--------------------------------------------+
; Simulator Summary                          ;
+-----------------------------+--------------+
; Type                        ; Value        ;
+-----------------------------+--------------+
; Simulation Start Time       ; 0 ps         ;
; Simulation End Time         ; 50.0 ns      ;
; Simulation Netlist Size     ; 173 nodes    ;
; Simulation Coverage         ;      12.20 % ;
; Total Number of Transitions ; 670          ;
; Simulation Breakpoints      ; 0            ;
; Family                      ; Cyclone II   ;
+-----------------------------+--------------+


+----------------------------------------------------------------------------------------------------------------------------------------+
; Simulator Settings                                                                                                                     ;
+--------------------------------------------------------------------------------------------+---------------------------+---------------+
; Option                                                                                     ; Setting                   ; Default Value ;
+--------------------------------------------------------------------------------------------+---------------------------+---------------+
; Simulation mode                                                                            ; Functional                ; Timing        ;
; Start time                                                                                 ; 0 ns                      ; 0 ns          ;
; Simulation results format                                                                  ; CVWF                      ;               ;
; Vector input source                                                                        ; DMFB_Train_Controller.vwf ;               ;
; Add pins automatically to simulation output waveforms                                      ; On                        ; On            ;
; Check outputs                                                                              ; Off                       ; Off           ;
; Report simulation coverage                                                                 ; On                        ; On            ;
; Display complete 1/0 value coverage report                                                 ; On                        ; On            ;
; Display missing 1-value coverage report                                                    ; On                        ; On            ;
; Display missing 0-value coverage report                                                    ; On                        ; On            ;
; Detect setup and hold time violations                                                      ; Off                       ; Off           ;
; Detect glitches                                                                            ; Off                       ; Off           ;
; Disable timing delays in Timing Simulation                                                 ; Off                       ; Off           ;
; Generate Signal Activity File                                                              ; Off                       ; Off           ;
; Generate VCD File for PowerPlay Power Analyzer                                             ; Off                       ; Off           ;
; Group bus channels in simulation results                                                   ; Off                       ; Off           ;
; Preserve fewer signal transitions to reduce memory requirements                            ; On                        ; On            ;
; Trigger vector comparison with the specified mode                                          ; INPUT_EDGE                ; INPUT_EDGE    ;
; Disable setup and hold time violations detection in input registers of bi-directional pins ; Off                       ; Off           ;
; Overwrite Waveform Inputs With Simulation Outputs                                          ; Off                       ;               ;
; Perform Glitch Filtering in Timing Simulation                                              ; Auto                      ; Auto          ;
+--------------------------------------------------------------------------------------------+---------------------------+---------------+


+----------------------+
; Simulation Waveforms ;
+----------------------+
Waveform report data cannot be output to ASCII.
Please use Quartus II to view the waveform report data.


+--------------------------------------------------------------------+
; Coverage Summary                                                   ;
+-----------------------------------------------------+--------------+
; Type                                                ; Value        ;
+-----------------------------------------------------+--------------+
; Total coverage as a percentage                      ;      12.20 % ;
; Total nodes checked                                 ; 173          ;
; Total output ports checked                          ; 164          ;
; Total output ports with complete 1/0-value coverage ; 20           ;
; Total output ports with no 1/0-value coverage       ; 134          ;
; Total output ports with no 1-value coverage         ; 140          ;
; Total output ports with no 0-value coverage         ; 138          ;
+-----------------------------------------------------+--------------+


The following table displays output ports that toggle between 1 and 0 during simulation.
+----------------------------------------------------------------------------------------------------------------------------------------------------------------------------------------+
; Complete 1/0-Value Coverage                                                                                                                                                            ;
+----------------------------------------------------------------------------------+----------------------------------------------------------------------------------+------------------+
; Node Name                                                                        ; Output Port Name                                                                 ; Output Port Type ;
+----------------------------------------------------------------------------------+----------------------------------------------------------------------------------+------------------+
; |DMFBTrainMoveVoltageGenerator|clock                                             ; |DMFBTrainMoveVoltageGenerator|clock                                             ; out              ;
; |DMFBTrainMoveVoltageGenerator|DMFB_Train_Controller:C0|stateCurrent~5           ; |DMFBTrainMoveVoltageGenerator|DMFB_Train_Controller:C0|stateCurrent~5           ; out              ;
; |DMFBTrainMoveVoltageGenerator|DMFB_Train_Controller:C0|stateCurrent.nextMove    ; |DMFBTrainMoveVoltageGenerator|DMFB_Train_Controller:C0|stateCurrent.nextMove    ; regout           ;
; |DMFBTrainMoveVoltageGenerator|DMFB_Train_Controller:C0|stateCurrent.resetMove   ; |DMFBTrainMoveVoltageGenerator|DMFB_Train_Controller:C0|stateCurrent.resetMove   ; regout           ;
; |DMFBTrainMoveVoltageGenerator|DMFB_Train_Controller:C0|stateCurrent.start       ; |DMFBTrainMoveVoltageGenerator|DMFB_Train_Controller:C0|stateCurrent.start       ; regout           ;
; |DMFBTrainMoveVoltageGenerator|DMFB_Train_Controller:C0|stateCurrent~8           ; |DMFBTrainMoveVoltageGenerator|DMFB_Train_Controller:C0|stateCurrent~8           ; out0             ;
; |DMFBTrainMoveVoltageGenerator|DMFB_Train_Controller:C0|stateCurrent~12          ; |DMFBTrainMoveVoltageGenerator|DMFB_Train_Controller:C0|stateCurrent~12          ; out0             ;
; |DMFBTrainMoveVoltageGenerator|DMFB_Train_Controller:C0|stateCurrent.resetMove~0 ; |DMFBTrainMoveVoltageGenerator|DMFB_Train_Controller:C0|stateCurrent.resetMove~0 ; out0             ;
; |DMFBTrainMoveVoltageGenerator|DMFB_Train_Controller:C0|Selector8~0              ; |DMFBTrainMoveVoltageGenerator|DMFB_Train_Controller:C0|Selector8~0              ; out0             ;
; |DMFBTrainMoveVoltageGenerator|DMFB_Train_Controller:C0|Selector8~1              ; |DMFBTrainMoveVoltageGenerator|DMFB_Train_Controller:C0|Selector8~1              ; out0             ;
; |DMFBTrainMoveVoltageGenerator|DMFB_Train_Controller:C0|stateCurrent~14          ; |DMFBTrainMoveVoltageGenerator|DMFB_Train_Controller:C0|stateCurrent~14          ; out0             ;
; |DMFBTrainMoveVoltageGenerator|DMFB_Train_Controller:C0|Selector0~0              ; |DMFBTrainMoveVoltageGenerator|DMFB_Train_Controller:C0|Selector0~0              ; out0             ;
; |DMFBTrainMoveVoltageGenerator|DMFB_Train_Controller:C0|Selector0~2              ; |DMFBTrainMoveVoltageGenerator|DMFB_Train_Controller:C0|Selector0~2              ; out0             ;
; |DMFBTrainMoveVoltageGenerator|DMFB_Train_Controller:C0|Selector1~0              ; |DMFBTrainMoveVoltageGenerator|DMFB_Train_Controller:C0|Selector1~0              ; out0             ;
; |DMFBTrainMoveVoltageGenerator|DMFB_Train_Controller:C0|Selector1~2              ; |DMFBTrainMoveVoltageGenerator|DMFB_Train_Controller:C0|Selector1~2              ; out0             ;
; |DMFBTrainMoveVoltageGenerator|DMFB_Train_Controller:C0|Selector5~0              ; |DMFBTrainMoveVoltageGenerator|DMFB_Train_Controller:C0|Selector5~0              ; out0             ;
; |DMFBTrainMoveVoltageGenerator|DMFB_Train_Controller:C0|Selector6~0              ; |DMFBTrainMoveVoltageGenerator|DMFB_Train_Controller:C0|Selector6~0              ; out0             ;
; |DMFBTrainMoveVoltageGenerator|DMFB_Train_Controller:C0|Selector6~2              ; |DMFBTrainMoveVoltageGenerator|DMFB_Train_Controller:C0|Selector6~2              ; out0             ;
; |DMFBTrainMoveVoltageGenerator|DMFB_Train_Controller:C0|Selector7~0              ; |DMFBTrainMoveVoltageGenerator|DMFB_Train_Controller:C0|Selector7~0              ; out0             ;
; |DMFBTrainMoveVoltageGenerator|DMFB_Train_Controller:C0|Selector7~2              ; |DMFBTrainMoveVoltageGenerator|DMFB_Train_Controller:C0|Selector7~2              ; out0             ;
+----------------------------------------------------------------------------------+----------------------------------------------------------------------------------+------------------+


The following table displays output ports that do not toggle to 1 during simulation.
+------------------------------------------------------------------------------------------------------------------------------------------------------------------------------------------+
; Missing 1-Value Coverage                                                                                                                                                                 ;
+-----------------------------------------------------------------------------------+-----------------------------------------------------------------------------------+------------------+
; Node Name                                                                         ; Output Port Name                                                                  ; Output Port Type ;
+-----------------------------------------------------------------------------------+-----------------------------------------------------------------------------------+------------------+
; |DMFBTrainMoveVoltageGenerator|enable                                             ; |DMFBTrainMoveVoltageGenerator|enable                                             ; out              ;
; |DMFBTrainMoveVoltageGenerator|reset                                              ; |DMFBTrainMoveVoltageGenerator|reset                                              ; out              ;
; |DMFBTrainMoveVoltageGenerator|voltageActuation                                   ; |DMFBTrainMoveVoltageGenerator|voltageActuation                                   ; pin_out          ;
; |DMFBTrainMoveVoltageGenerator|A1[0]                                              ; |DMFBTrainMoveVoltageGenerator|A1[0]                                              ; pin_out          ;
; |DMFBTrainMoveVoltageGenerator|A1[1]                                              ; |DMFBTrainMoveVoltageGenerator|A1[1]                                              ; pin_out          ;
; |DMFBTrainMoveVoltageGenerator|A1[2]                                              ; |DMFBTrainMoveVoltageGenerator|A1[2]                                              ; pin_out          ;
; |DMFBTrainMoveVoltageGenerator|A1[3]                                              ; |DMFBTrainMoveVoltageGenerator|A1[3]                                              ; pin_out          ;
; |DMFBTrainMoveVoltageGenerator|A2[0]                                              ; |DMFBTrainMoveVoltageGenerator|A2[0]                                              ; pin_out          ;
; |DMFBTrainMoveVoltageGenerator|A2[1]                                              ; |DMFBTrainMoveVoltageGenerator|A2[1]                                              ; pin_out          ;
; |DMFBTrainMoveVoltageGenerator|A2[2]                                              ; |DMFBTrainMoveVoltageGenerator|A2[2]                                              ; pin_out          ;
; |DMFBTrainMoveVoltageGenerator|A2[3]                                              ; |DMFBTrainMoveVoltageGenerator|A2[3]                                              ; pin_out          ;
; |DMFBTrainMoveVoltageGenerator|A3[0]                                              ; |DMFBTrainMoveVoltageGenerator|A3[0]                                              ; pin_out          ;
; |DMFBTrainMoveVoltageGenerator|A3[1]                                              ; |DMFBTrainMoveVoltageGenerator|A3[1]                                              ; pin_out          ;
; |DMFBTrainMoveVoltageGenerator|A3[2]                                              ; |DMFBTrainMoveVoltageGenerator|A3[2]                                              ; pin_out          ;
; |DMFBTrainMoveVoltageGenerator|A3[3]                                              ; |DMFBTrainMoveVoltageGenerator|A3[3]                                              ; pin_out          ;
; |DMFBTrainMoveVoltageGenerator|A4[0]                                              ; |DMFBTrainMoveVoltageGenerator|A4[0]                                              ; pin_out          ;
; |DMFBTrainMoveVoltageGenerator|A4[1]                                              ; |DMFBTrainMoveVoltageGenerator|A4[1]                                              ; pin_out          ;
; |DMFBTrainMoveVoltageGenerator|A4[2]                                              ; |DMFBTrainMoveVoltageGenerator|A4[2]                                              ; pin_out          ;
; |DMFBTrainMoveVoltageGenerator|A4[3]                                              ; |DMFBTrainMoveVoltageGenerator|A4[3]                                              ; pin_out          ;
; |DMFBTrainMoveVoltageGenerator|reachDest                                          ; |DMFBTrainMoveVoltageGenerator|reachDest                                          ; pin_out          ;
; |DMFBTrainMoveVoltageGenerator|display1[0]                                        ; |DMFBTrainMoveVoltageGenerator|display1[0]                                        ; pin_out          ;
; |DMFBTrainMoveVoltageGenerator|display1[1]                                        ; |DMFBTrainMoveVoltageGenerator|display1[1]                                        ; pin_out          ;
; |DMFBTrainMoveVoltageGenerator|display1[2]                                        ; |DMFBTrainMoveVoltageGenerator|display1[2]                                        ; pin_out          ;
; |DMFBTrainMoveVoltageGenerator|display1[3]                                        ; |DMFBTrainMoveVoltageGenerator|display1[3]                                        ; pin_out          ;
; |DMFBTrainMoveVoltageGenerator|display1[4]                                        ; |DMFBTrainMoveVoltageGenerator|display1[4]                                        ; pin_out          ;
; |DMFBTrainMoveVoltageGenerator|display1[5]                                        ; |DMFBTrainMoveVoltageGenerator|display1[5]                                        ; pin_out          ;
; |DMFBTrainMoveVoltageGenerator|display1[6]                                        ; |DMFBTrainMoveVoltageGenerator|display1[6]                                        ; pin_out          ;
; |DMFBTrainMoveVoltageGenerator|display2[0]                                        ; |DMFBTrainMoveVoltageGenerator|display2[0]                                        ; pin_out          ;
; |DMFBTrainMoveVoltageGenerator|display2[1]                                        ; |DMFBTrainMoveVoltageGenerator|display2[1]                                        ; pin_out          ;
; |DMFBTrainMoveVoltageGenerator|display2[2]                                        ; |DMFBTrainMoveVoltageGenerator|display2[2]                                        ; pin_out          ;
; |DMFBTrainMoveVoltageGenerator|display2[3]                                        ; |DMFBTrainMoveVoltageGenerator|display2[3]                                        ; pin_out          ;
; |DMFBTrainMoveVoltageGenerator|display2[4]                                        ; |DMFBTrainMoveVoltageGenerator|display2[4]                                        ; pin_out          ;
; |DMFBTrainMoveVoltageGenerator|display2[5]                                        ; |DMFBTrainMoveVoltageGenerator|display2[5]                                        ; pin_out          ;
; |DMFBTrainMoveVoltageGenerator|display2[6]                                        ; |DMFBTrainMoveVoltageGenerator|display2[6]                                        ; pin_out          ;
; |DMFBTrainMoveVoltageGenerator|display3[0]                                        ; |DMFBTrainMoveVoltageGenerator|display3[0]                                        ; pin_out          ;
; |DMFBTrainMoveVoltageGenerator|display3[1]                                        ; |DMFBTrainMoveVoltageGenerator|display3[1]                                        ; pin_out          ;
; |DMFBTrainMoveVoltageGenerator|display3[2]                                        ; |DMFBTrainMoveVoltageGenerator|display3[2]                                        ; pin_out          ;
; |DMFBTrainMoveVoltageGenerator|display3[3]                                        ; |DMFBTrainMoveVoltageGenerator|display3[3]                                        ; pin_out          ;
; |DMFBTrainMoveVoltageGenerator|display3[4]                                        ; |DMFBTrainMoveVoltageGenerator|display3[4]                                        ; pin_out          ;
; |DMFBTrainMoveVoltageGenerator|display3[5]                                        ; |DMFBTrainMoveVoltageGenerator|display3[5]                                        ; pin_out          ;
; |DMFBTrainMoveVoltageGenerator|display3[6]                                        ; |DMFBTrainMoveVoltageGenerator|display3[6]                                        ; pin_out          ;
; |DMFBTrainMoveVoltageGenerator|display4[0]                                        ; |DMFBTrainMoveVoltageGenerator|display4[0]                                        ; pin_out          ;
; |DMFBTrainMoveVoltageGenerator|display4[1]                                        ; |DMFBTrainMoveVoltageGenerator|display4[1]                                        ; pin_out          ;
; |DMFBTrainMoveVoltageGenerator|display4[2]                                        ; |DMFBTrainMoveVoltageGenerator|display4[2]                                        ; pin_out          ;
; |DMFBTrainMoveVoltageGenerator|display4[3]                                        ; |DMFBTrainMoveVoltageGenerator|display4[3]                                        ; pin_out          ;
; |DMFBTrainMoveVoltageGenerator|display4[4]                                        ; |DMFBTrainMoveVoltageGenerator|display4[4]                                        ; pin_out          ;
; |DMFBTrainMoveVoltageGenerator|display4[5]                                        ; |DMFBTrainMoveVoltageGenerator|display4[5]                                        ; pin_out          ;
; |DMFBTrainMoveVoltageGenerator|display4[6]                                        ; |DMFBTrainMoveVoltageGenerator|display4[6]                                        ; pin_out          ;
; |DMFBTrainMoveVoltageGenerator|display5[0]                                        ; |DMFBTrainMoveVoltageGenerator|display5[0]                                        ; pin_out          ;
; |DMFBTrainMoveVoltageGenerator|display5[1]                                        ; |DMFBTrainMoveVoltageGenerator|display5[1]                                        ; pin_out          ;
; |DMFBTrainMoveVoltageGenerator|display5[2]                                        ; |DMFBTrainMoveVoltageGenerator|display5[2]                                        ; pin_out          ;
; |DMFBTrainMoveVoltageGenerator|display5[3]                                        ; |DMFBTrainMoveVoltageGenerator|display5[3]                                        ; pin_out          ;
; |DMFBTrainMoveVoltageGenerator|display5[4]                                        ; |DMFBTrainMoveVoltageGenerator|display5[4]                                        ; pin_out          ;
; |DMFBTrainMoveVoltageGenerator|display5[5]                                        ; |DMFBTrainMoveVoltageGenerator|display5[5]                                        ; pin_out          ;
; |DMFBTrainMoveVoltageGenerator|display5[6]                                        ; |DMFBTrainMoveVoltageGenerator|display5[6]                                        ; pin_out          ;
; |DMFBTrainMoveVoltageGenerator|display5[7]                                        ; |DMFBTrainMoveVoltageGenerator|display5[7]                                        ; pin_out          ;
; |DMFBTrainMoveVoltageGenerator|display5[8]                                        ; |DMFBTrainMoveVoltageGenerator|display5[8]                                        ; pin_out          ;
; |DMFBTrainMoveVoltageGenerator|display5[9]                                        ; |DMFBTrainMoveVoltageGenerator|display5[9]                                        ; pin_out          ;
; |DMFBTrainMoveVoltageGenerator|display6[0]                                        ; |DMFBTrainMoveVoltageGenerator|display6[0]                                        ; pin_out          ;
; |DMFBTrainMoveVoltageGenerator|display6[1]                                        ; |DMFBTrainMoveVoltageGenerator|display6[1]                                        ; pin_out          ;
; |DMFBTrainMoveVoltageGenerator|display6[2]                                        ; |DMFBTrainMoveVoltageGenerator|display6[2]                                        ; pin_out          ;
; |DMFBTrainMoveVoltageGenerator|display6[3]                                        ; |DMFBTrainMoveVoltageGenerator|display6[3]                                        ; pin_out          ;
; |DMFBTrainMoveVoltageGenerator|display6[4]                                        ; |DMFBTrainMoveVoltageGenerator|display6[4]                                        ; pin_out          ;
; |DMFBTrainMoveVoltageGenerator|display6[5]                                        ; |DMFBTrainMoveVoltageGenerator|display6[5]                                        ; pin_out          ;
; |DMFBTrainMoveVoltageGenerator|display6[6]                                        ; |DMFBTrainMoveVoltageGenerator|display6[6]                                        ; pin_out          ;
; |DMFBTrainMoveVoltageGenerator|display7[0]                                        ; |DMFBTrainMoveVoltageGenerator|display7[0]                                        ; pin_out          ;
; |DMFBTrainMoveVoltageGenerator|display7[1]                                        ; |DMFBTrainMoveVoltageGenerator|display7[1]                                        ; pin_out          ;
; |DMFBTrainMoveVoltageGenerator|display7[2]                                        ; |DMFBTrainMoveVoltageGenerator|display7[2]                                        ; pin_out          ;
; |DMFBTrainMoveVoltageGenerator|display7[3]                                        ; |DMFBTrainMoveVoltageGenerator|display7[3]                                        ; pin_out          ;
; |DMFBTrainMoveVoltageGenerator|display7[4]                                        ; |DMFBTrainMoveVoltageGenerator|display7[4]                                        ; pin_out          ;
; |DMFBTrainMoveVoltageGenerator|display7[5]                                        ; |DMFBTrainMoveVoltageGenerator|display7[5]                                        ; pin_out          ;
; |DMFBTrainMoveVoltageGenerator|display7[6]                                        ; |DMFBTrainMoveVoltageGenerator|display7[6]                                        ; pin_out          ;
; |DMFBTrainMoveVoltageGenerator|display8[0]                                        ; |DMFBTrainMoveVoltageGenerator|display8[0]                                        ; pin_out          ;
; |DMFBTrainMoveVoltageGenerator|display8[1]                                        ; |DMFBTrainMoveVoltageGenerator|display8[1]                                        ; pin_out          ;
; |DMFBTrainMoveVoltageGenerator|display8[2]                                        ; |DMFBTrainMoveVoltageGenerator|display8[2]                                        ; pin_out          ;
; |DMFBTrainMoveVoltageGenerator|display8[3]                                        ; |DMFBTrainMoveVoltageGenerator|display8[3]                                        ; pin_out          ;
; |DMFBTrainMoveVoltageGenerator|display8[4]                                        ; |DMFBTrainMoveVoltageGenerator|display8[4]                                        ; pin_out          ;
; |DMFBTrainMoveVoltageGenerator|display8[5]                                        ; |DMFBTrainMoveVoltageGenerator|display8[5]                                        ; pin_out          ;
; |DMFBTrainMoveVoltageGenerator|display8[6]                                        ; |DMFBTrainMoveVoltageGenerator|display8[6]                                        ; pin_out          ;
; |DMFBTrainMoveVoltageGenerator|display9[0]                                        ; |DMFBTrainMoveVoltageGenerator|display9[0]                                        ; pin_out          ;
; |DMFBTrainMoveVoltageGenerator|display9[1]                                        ; |DMFBTrainMoveVoltageGenerator|display9[1]                                        ; pin_out          ;
; |DMFBTrainMoveVoltageGenerator|display9[2]                                        ; |DMFBTrainMoveVoltageGenerator|display9[2]                                        ; pin_out          ;
; |DMFBTrainMoveVoltageGenerator|display9[3]                                        ; |DMFBTrainMoveVoltageGenerator|display9[3]                                        ; pin_out          ;
; |DMFBTrainMoveVoltageGenerator|display9[4]                                        ; |DMFBTrainMoveVoltageGenerator|display9[4]                                        ; pin_out          ;
; |DMFBTrainMoveVoltageGenerator|display9[5]                                        ; |DMFBTrainMoveVoltageGenerator|display9[5]                                        ; pin_out          ;
; |DMFBTrainMoveVoltageGenerator|display9[6]                                        ; |DMFBTrainMoveVoltageGenerator|display9[6]                                        ; pin_out          ;
; |DMFBTrainMoveVoltageGenerator|clockControl                                       ; |DMFBTrainMoveVoltageGenerator|clockControl                                       ; out              ;
; |DMFBTrainMoveVoltageGenerator|DMFB_Train_Datapath:D0|xTimer:T0|counter~0         ; |DMFBTrainMoveVoltageGenerator|DMFB_Train_Datapath:D0|xTimer:T0|counter~0         ; out              ;
; |DMFBTrainMoveVoltageGenerator|DMFB_Train_Datapath:D0|xTimer:T0|counter~1         ; |DMFBTrainMoveVoltageGenerator|DMFB_Train_Datapath:D0|xTimer:T0|counter~1         ; out              ;
; |DMFBTrainMoveVoltageGenerator|DMFB_Train_Datapath:D0|xTimer:T0|counter~2         ; |DMFBTrainMoveVoltageGenerator|DMFB_Train_Datapath:D0|xTimer:T0|counter~2         ; out              ;
; |DMFBTrainMoveVoltageGenerator|DMFB_Train_Datapath:D0|xTimer:T0|counter~3         ; |DMFBTrainMoveVoltageGenerator|DMFB_Train_Datapath:D0|xTimer:T0|counter~3         ; out              ;
; |DMFBTrainMoveVoltageGenerator|DMFB_Train_Datapath:D0|xTimer:T0|clockOut~0        ; |DMFBTrainMoveVoltageGenerator|DMFB_Train_Datapath:D0|xTimer:T0|clockOut~0        ; out              ;
; |DMFBTrainMoveVoltageGenerator|DMFB_Train_Datapath:D0|xTimer:T0|clockOut~1        ; |DMFBTrainMoveVoltageGenerator|DMFB_Train_Datapath:D0|xTimer:T0|clockOut~1        ; out              ;
; |DMFBTrainMoveVoltageGenerator|DMFB_Train_Datapath:D0|xTimer:T0|clockOut          ; |DMFBTrainMoveVoltageGenerator|DMFB_Train_Datapath:D0|xTimer:T0|clockOut          ; regout           ;
; |DMFBTrainMoveVoltageGenerator|DMFB_Train_Datapath:D0|xTimer:T0|counter~4         ; |DMFBTrainMoveVoltageGenerator|DMFB_Train_Datapath:D0|xTimer:T0|counter~4         ; out              ;
; |DMFBTrainMoveVoltageGenerator|DMFB_Train_Datapath:D0|xTimer:T0|counter~5         ; |DMFBTrainMoveVoltageGenerator|DMFB_Train_Datapath:D0|xTimer:T0|counter~5         ; out              ;
; |DMFBTrainMoveVoltageGenerator|DMFB_Train_Datapath:D0|xTimer:T0|counter~6         ; |DMFBTrainMoveVoltageGenerator|DMFB_Train_Datapath:D0|xTimer:T0|counter~6         ; out              ;
; |DMFBTrainMoveVoltageGenerator|DMFB_Train_Datapath:D0|xTimer:T0|counter~7         ; |DMFBTrainMoveVoltageGenerator|DMFB_Train_Datapath:D0|xTimer:T0|counter~7         ; out              ;
; |DMFBTrainMoveVoltageGenerator|DMFB_Train_Datapath:D0|xTimer:T0|clockOut~2        ; |DMFBTrainMoveVoltageGenerator|DMFB_Train_Datapath:D0|xTimer:T0|clockOut~2        ; out              ;
; |DMFBTrainMoveVoltageGenerator|DMFB_Train_Datapath:D0|xTimer:T0|counter~8         ; |DMFBTrainMoveVoltageGenerator|DMFB_Train_Datapath:D0|xTimer:T0|counter~8         ; out              ;
; |DMFBTrainMoveVoltageGenerator|DMFB_Train_Datapath:D0|xTimer:T0|counter~9         ; |DMFBTrainMoveVoltageGenerator|DMFB_Train_Datapath:D0|xTimer:T0|counter~9         ; out              ;
; |DMFBTrainMoveVoltageGenerator|DMFB_Train_Datapath:D0|xTimer:T0|counter~10        ; |DMFBTrainMoveVoltageGenerator|DMFB_Train_Datapath:D0|xTimer:T0|counter~10        ; out              ;
; |DMFBTrainMoveVoltageGenerator|DMFB_Train_Datapath:D0|xTimer:T0|counter~11        ; |DMFBTrainMoveVoltageGenerator|DMFB_Train_Datapath:D0|xTimer:T0|counter~11        ; out              ;
; |DMFBTrainMoveVoltageGenerator|DMFB_Train_Datapath:D0|xTimer:T0|clockOut~3        ; |DMFBTrainMoveVoltageGenerator|DMFB_Train_Datapath:D0|xTimer:T0|clockOut~3        ; out              ;
; |DMFBTrainMoveVoltageGenerator|DMFB_Train_Datapath:D0|xTimer:T0|counter[0]        ; |DMFBTrainMoveVoltageGenerator|DMFB_Train_Datapath:D0|xTimer:T0|counter[0]        ; regout           ;
; |DMFBTrainMoveVoltageGenerator|DMFB_Train_Datapath:D0|xTimer:T0|counter[1]        ; |DMFBTrainMoveVoltageGenerator|DMFB_Train_Datapath:D0|xTimer:T0|counter[1]        ; regout           ;
; |DMFBTrainMoveVoltageGenerator|DMFB_Train_Datapath:D0|xTimer:T0|counter[2]        ; |DMFBTrainMoveVoltageGenerator|DMFB_Train_Datapath:D0|xTimer:T0|counter[2]        ; regout           ;
; |DMFBTrainMoveVoltageGenerator|DMFB_Train_Datapath:D0|xTimer:T0|counter[3]        ; |DMFBTrainMoveVoltageGenerator|DMFB_Train_Datapath:D0|xTimer:T0|counter[3]        ; regout           ;
; |DMFBTrainMoveVoltageGenerator|DMFB_Train_Controller:C0|voltageActuation~0        ; |DMFBTrainMoveVoltageGenerator|DMFB_Train_Controller:C0|voltageActuation~0        ; out              ;
; |DMFBTrainMoveVoltageGenerator|DMFB_Train_Controller:C0|clr_t~0                   ; |DMFBTrainMoveVoltageGenerator|DMFB_Train_Controller:C0|clr_t~0                   ; out              ;
; |DMFBTrainMoveVoltageGenerator|DMFB_Train_Controller:C0|voltageActuation~2        ; |DMFBTrainMoveVoltageGenerator|DMFB_Train_Controller:C0|voltageActuation~2        ; out              ;
; |DMFBTrainMoveVoltageGenerator|DMFB_Train_Controller:C0|stateCurrent~3            ; |DMFBTrainMoveVoltageGenerator|DMFB_Train_Controller:C0|stateCurrent~3            ; out              ;
; |DMFBTrainMoveVoltageGenerator|DMFB_Train_Controller:C0|clr_t~4                   ; |DMFBTrainMoveVoltageGenerator|DMFB_Train_Controller:C0|clr_t~4                   ; out              ;
; |DMFBTrainMoveVoltageGenerator|DMFB_Train_Controller:C0|voltageActuation~3        ; |DMFBTrainMoveVoltageGenerator|DMFB_Train_Controller:C0|voltageActuation~3        ; out              ;
; |DMFBTrainMoveVoltageGenerator|DMFB_Train_Controller:C0|stateCurrent~4            ; |DMFBTrainMoveVoltageGenerator|DMFB_Train_Controller:C0|stateCurrent~4            ; out              ;
; |DMFBTrainMoveVoltageGenerator|DMFB_Train_Controller:C0|clr_t~5                   ; |DMFBTrainMoveVoltageGenerator|DMFB_Train_Controller:C0|clr_t~5                   ; out              ;
; |DMFBTrainMoveVoltageGenerator|DMFB_Train_Controller:C0|voltageActuation~4        ; |DMFBTrainMoveVoltageGenerator|DMFB_Train_Controller:C0|voltageActuation~4        ; out              ;
; |DMFBTrainMoveVoltageGenerator|DMFB_Train_Controller:C0|stateCurrent~6            ; |DMFBTrainMoveVoltageGenerator|DMFB_Train_Controller:C0|stateCurrent~6            ; out              ;
; |DMFBTrainMoveVoltageGenerator|DMFB_Train_Controller:C0|voltageActuation          ; |DMFBTrainMoveVoltageGenerator|DMFB_Train_Controller:C0|voltageActuation          ; regout           ;
; |DMFBTrainMoveVoltageGenerator|DMFB_Train_Controller:C0|stateCurrent.done         ; |DMFBTrainMoveVoltageGenerator|DMFB_Train_Controller:C0|stateCurrent.done         ; regout           ;
; |DMFBTrainMoveVoltageGenerator|DMFB_Train_Controller:C0|stateCurrent.applyVoltage ; |DMFBTrainMoveVoltageGenerator|DMFB_Train_Controller:C0|stateCurrent.applyVoltage ; regout           ;
; |DMFBTrainMoveVoltageGenerator|DMFB_Train_Controller:C0|Selector8~2               ; |DMFBTrainMoveVoltageGenerator|DMFB_Train_Controller:C0|Selector8~2               ; out0             ;
; |DMFBTrainMoveVoltageGenerator|DMFB_Train_Controller:C0|stateCurrent.done~0       ; |DMFBTrainMoveVoltageGenerator|DMFB_Train_Controller:C0|stateCurrent.done~0       ; out0             ;
; |DMFBTrainMoveVoltageGenerator|DMFB_Train_Controller:C0|Selector8~3               ; |DMFBTrainMoveVoltageGenerator|DMFB_Train_Controller:C0|Selector8~3               ; out0             ;
; |DMFBTrainMoveVoltageGenerator|DMFB_Train_Controller:C0|Selector0~1               ; |DMFBTrainMoveVoltageGenerator|DMFB_Train_Controller:C0|Selector0~1               ; out0             ;
; |DMFBTrainMoveVoltageGenerator|DMFB_Train_Controller:C0|Selector0~3               ; |DMFBTrainMoveVoltageGenerator|DMFB_Train_Controller:C0|Selector0~3               ; out0             ;
; |DMFBTrainMoveVoltageGenerator|DMFB_Train_Controller:C0|Selector0~4               ; |DMFBTrainMoveVoltageGenerator|DMFB_Train_Controller:C0|Selector0~4               ; out0             ;
; |DMFBTrainMoveVoltageGenerator|DMFB_Train_Controller:C0|Selector1~1               ; |DMFBTrainMoveVoltageGenerator|DMFB_Train_Controller:C0|Selector1~1               ; out0             ;
; |DMFBTrainMoveVoltageGenerator|DMFB_Train_Controller:C0|Selector1~3               ; |DMFBTrainMoveVoltageGenerator|DMFB_Train_Controller:C0|Selector1~3               ; out0             ;
; |DMFBTrainMoveVoltageGenerator|DMFB_Train_Controller:C0|Selector1~4               ; |DMFBTrainMoveVoltageGenerator|DMFB_Train_Controller:C0|Selector1~4               ; out0             ;
; |DMFBTrainMoveVoltageGenerator|DMFB_Train_Controller:C0|Selector6~1               ; |DMFBTrainMoveVoltageGenerator|DMFB_Train_Controller:C0|Selector6~1               ; out0             ;
; |DMFBTrainMoveVoltageGenerator|DMFB_Train_Controller:C0|Selector7~1               ; |DMFBTrainMoveVoltageGenerator|DMFB_Train_Controller:C0|Selector7~1               ; out0             ;
; |DMFBTrainMoveVoltageGenerator|DMFB_Train_Controller:C0|Selector8~4               ; |DMFBTrainMoveVoltageGenerator|DMFB_Train_Controller:C0|Selector8~4               ; out              ;
; |DMFBTrainMoveVoltageGenerator|DMFB_Train_Datapath:D0|xTimer:T0|Add0~0            ; |DMFBTrainMoveVoltageGenerator|DMFB_Train_Datapath:D0|xTimer:T0|Add0~0            ; out0             ;
; |DMFBTrainMoveVoltageGenerator|DMFB_Train_Datapath:D0|xTimer:T0|Add0~1            ; |DMFBTrainMoveVoltageGenerator|DMFB_Train_Datapath:D0|xTimer:T0|Add0~1            ; out0             ;
; |DMFBTrainMoveVoltageGenerator|DMFB_Train_Datapath:D0|xTimer:T0|Add0~2            ; |DMFBTrainMoveVoltageGenerator|DMFB_Train_Datapath:D0|xTimer:T0|Add0~2            ; out0             ;
; |DMFBTrainMoveVoltageGenerator|DMFB_Train_Datapath:D0|xTimer:T0|Add0~3            ; |DMFBTrainMoveVoltageGenerator|DMFB_Train_Datapath:D0|xTimer:T0|Add0~3            ; out0             ;
; |DMFBTrainMoveVoltageGenerator|DMFB_Train_Datapath:D0|xTimer:T0|Add0~4            ; |DMFBTrainMoveVoltageGenerator|DMFB_Train_Datapath:D0|xTimer:T0|Add0~4            ; out0             ;
; |DMFBTrainMoveVoltageGenerator|DMFB_Train_Datapath:D0|xTimer:T0|Equal0~0          ; |DMFBTrainMoveVoltageGenerator|DMFB_Train_Datapath:D0|xTimer:T0|Equal0~0          ; out0             ;
; |DMFBTrainMoveVoltageGenerator|DMFB_Train_Datapath:D0|xTimer:T0|Equal1~0          ; |DMFBTrainMoveVoltageGenerator|DMFB_Train_Datapath:D0|xTimer:T0|Equal1~0          ; out0             ;
+-----------------------------------------------------------------------------------+-----------------------------------------------------------------------------------+------------------+


The following table displays output ports that do not toggle to 0 during simulation.
+------------------------------------------------------------------------------------------------------------------------------------------------------------------------------------------+
; Missing 0-Value Coverage                                                                                                                                                                 ;
+-----------------------------------------------------------------------------------+-----------------------------------------------------------------------------------+------------------+
; Node Name                                                                         ; Output Port Name                                                                  ; Output Port Type ;
+-----------------------------------------------------------------------------------+-----------------------------------------------------------------------------------+------------------+
; |DMFBTrainMoveVoltageGenerator|enable                                             ; |DMFBTrainMoveVoltageGenerator|enable                                             ; out              ;
; |DMFBTrainMoveVoltageGenerator|voltageActuation                                   ; |DMFBTrainMoveVoltageGenerator|voltageActuation                                   ; pin_out          ;
; |DMFBTrainMoveVoltageGenerator|A1[0]                                              ; |DMFBTrainMoveVoltageGenerator|A1[0]                                              ; pin_out          ;
; |DMFBTrainMoveVoltageGenerator|A1[1]                                              ; |DMFBTrainMoveVoltageGenerator|A1[1]                                              ; pin_out          ;
; |DMFBTrainMoveVoltageGenerator|A1[2]                                              ; |DMFBTrainMoveVoltageGenerator|A1[2]                                              ; pin_out          ;
; |DMFBTrainMoveVoltageGenerator|A1[3]                                              ; |DMFBTrainMoveVoltageGenerator|A1[3]                                              ; pin_out          ;
; |DMFBTrainMoveVoltageGenerator|A2[0]                                              ; |DMFBTrainMoveVoltageGenerator|A2[0]                                              ; pin_out          ;
; |DMFBTrainMoveVoltageGenerator|A2[1]                                              ; |DMFBTrainMoveVoltageGenerator|A2[1]                                              ; pin_out          ;
; |DMFBTrainMoveVoltageGenerator|A2[2]                                              ; |DMFBTrainMoveVoltageGenerator|A2[2]                                              ; pin_out          ;
; |DMFBTrainMoveVoltageGenerator|A2[3]                                              ; |DMFBTrainMoveVoltageGenerator|A2[3]                                              ; pin_out          ;
; |DMFBTrainMoveVoltageGenerator|A3[0]                                              ; |DMFBTrainMoveVoltageGenerator|A3[0]                                              ; pin_out          ;
; |DMFBTrainMoveVoltageGenerator|A3[1]                                              ; |DMFBTrainMoveVoltageGenerator|A3[1]                                              ; pin_out          ;
; |DMFBTrainMoveVoltageGenerator|A3[2]                                              ; |DMFBTrainMoveVoltageGenerator|A3[2]                                              ; pin_out          ;
; |DMFBTrainMoveVoltageGenerator|A3[3]                                              ; |DMFBTrainMoveVoltageGenerator|A3[3]                                              ; pin_out          ;
; |DMFBTrainMoveVoltageGenerator|A4[0]                                              ; |DMFBTrainMoveVoltageGenerator|A4[0]                                              ; pin_out          ;
; |DMFBTrainMoveVoltageGenerator|A4[1]                                              ; |DMFBTrainMoveVoltageGenerator|A4[1]                                              ; pin_out          ;
; |DMFBTrainMoveVoltageGenerator|A4[2]                                              ; |DMFBTrainMoveVoltageGenerator|A4[2]                                              ; pin_out          ;
; |DMFBTrainMoveVoltageGenerator|A4[3]                                              ; |DMFBTrainMoveVoltageGenerator|A4[3]                                              ; pin_out          ;
; |DMFBTrainMoveVoltageGenerator|reachDest                                          ; |DMFBTrainMoveVoltageGenerator|reachDest                                          ; pin_out          ;
; |DMFBTrainMoveVoltageGenerator|display1[0]                                        ; |DMFBTrainMoveVoltageGenerator|display1[0]                                        ; pin_out          ;
; |DMFBTrainMoveVoltageGenerator|display1[1]                                        ; |DMFBTrainMoveVoltageGenerator|display1[1]                                        ; pin_out          ;
; |DMFBTrainMoveVoltageGenerator|display1[2]                                        ; |DMFBTrainMoveVoltageGenerator|display1[2]                                        ; pin_out          ;
; |DMFBTrainMoveVoltageGenerator|display1[3]                                        ; |DMFBTrainMoveVoltageGenerator|display1[3]                                        ; pin_out          ;
; |DMFBTrainMoveVoltageGenerator|display1[4]                                        ; |DMFBTrainMoveVoltageGenerator|display1[4]                                        ; pin_out          ;
; |DMFBTrainMoveVoltageGenerator|display1[5]                                        ; |DMFBTrainMoveVoltageGenerator|display1[5]                                        ; pin_out          ;
; |DMFBTrainMoveVoltageGenerator|display1[6]                                        ; |DMFBTrainMoveVoltageGenerator|display1[6]                                        ; pin_out          ;
; |DMFBTrainMoveVoltageGenerator|display2[0]                                        ; |DMFBTrainMoveVoltageGenerator|display2[0]                                        ; pin_out          ;
; |DMFBTrainMoveVoltageGenerator|display2[1]                                        ; |DMFBTrainMoveVoltageGenerator|display2[1]                                        ; pin_out          ;
; |DMFBTrainMoveVoltageGenerator|display2[2]                                        ; |DMFBTrainMoveVoltageGenerator|display2[2]                                        ; pin_out          ;
; |DMFBTrainMoveVoltageGenerator|display2[3]                                        ; |DMFBTrainMoveVoltageGenerator|display2[3]                                        ; pin_out          ;
; |DMFBTrainMoveVoltageGenerator|display2[4]                                        ; |DMFBTrainMoveVoltageGenerator|display2[4]                                        ; pin_out          ;
; |DMFBTrainMoveVoltageGenerator|display2[5]                                        ; |DMFBTrainMoveVoltageGenerator|display2[5]                                        ; pin_out          ;
; |DMFBTrainMoveVoltageGenerator|display2[6]                                        ; |DMFBTrainMoveVoltageGenerator|display2[6]                                        ; pin_out          ;
; |DMFBTrainMoveVoltageGenerator|display3[0]                                        ; |DMFBTrainMoveVoltageGenerator|display3[0]                                        ; pin_out          ;
; |DMFBTrainMoveVoltageGenerator|display3[1]                                        ; |DMFBTrainMoveVoltageGenerator|display3[1]                                        ; pin_out          ;
; |DMFBTrainMoveVoltageGenerator|display3[2]                                        ; |DMFBTrainMoveVoltageGenerator|display3[2]                                        ; pin_out          ;
; |DMFBTrainMoveVoltageGenerator|display3[3]                                        ; |DMFBTrainMoveVoltageGenerator|display3[3]                                        ; pin_out          ;
; |DMFBTrainMoveVoltageGenerator|display3[4]                                        ; |DMFBTrainMoveVoltageGenerator|display3[4]                                        ; pin_out          ;
; |DMFBTrainMoveVoltageGenerator|display3[5]                                        ; |DMFBTrainMoveVoltageGenerator|display3[5]                                        ; pin_out          ;
; |DMFBTrainMoveVoltageGenerator|display3[6]                                        ; |DMFBTrainMoveVoltageGenerator|display3[6]                                        ; pin_out          ;
; |DMFBTrainMoveVoltageGenerator|display4[0]                                        ; |DMFBTrainMoveVoltageGenerator|display4[0]                                        ; pin_out          ;
; |DMFBTrainMoveVoltageGenerator|display4[1]                                        ; |DMFBTrainMoveVoltageGenerator|display4[1]                                        ; pin_out          ;
; |DMFBTrainMoveVoltageGenerator|display4[2]                                        ; |DMFBTrainMoveVoltageGenerator|display4[2]                                        ; pin_out          ;
; |DMFBTrainMoveVoltageGenerator|display4[3]                                        ; |DMFBTrainMoveVoltageGenerator|display4[3]                                        ; pin_out          ;
; |DMFBTrainMoveVoltageGenerator|display4[4]                                        ; |DMFBTrainMoveVoltageGenerator|display4[4]                                        ; pin_out          ;
; |DMFBTrainMoveVoltageGenerator|display4[5]                                        ; |DMFBTrainMoveVoltageGenerator|display4[5]                                        ; pin_out          ;
; |DMFBTrainMoveVoltageGenerator|display4[6]                                        ; |DMFBTrainMoveVoltageGenerator|display4[6]                                        ; pin_out          ;
; |DMFBTrainMoveVoltageGenerator|display5[0]                                        ; |DMFBTrainMoveVoltageGenerator|display5[0]                                        ; pin_out          ;
; |DMFBTrainMoveVoltageGenerator|display5[1]                                        ; |DMFBTrainMoveVoltageGenerator|display5[1]                                        ; pin_out          ;
; |DMFBTrainMoveVoltageGenerator|display5[2]                                        ; |DMFBTrainMoveVoltageGenerator|display5[2]                                        ; pin_out          ;
; |DMFBTrainMoveVoltageGenerator|display5[3]                                        ; |DMFBTrainMoveVoltageGenerator|display5[3]                                        ; pin_out          ;
; |DMFBTrainMoveVoltageGenerator|display5[4]                                        ; |DMFBTrainMoveVoltageGenerator|display5[4]                                        ; pin_out          ;
; |DMFBTrainMoveVoltageGenerator|display5[5]                                        ; |DMFBTrainMoveVoltageGenerator|display5[5]                                        ; pin_out          ;
; |DMFBTrainMoveVoltageGenerator|display5[6]                                        ; |DMFBTrainMoveVoltageGenerator|display5[6]                                        ; pin_out          ;
; |DMFBTrainMoveVoltageGenerator|display5[7]                                        ; |DMFBTrainMoveVoltageGenerator|display5[7]                                        ; pin_out          ;
; |DMFBTrainMoveVoltageGenerator|display5[8]                                        ; |DMFBTrainMoveVoltageGenerator|display5[8]                                        ; pin_out          ;
; |DMFBTrainMoveVoltageGenerator|display5[9]                                        ; |DMFBTrainMoveVoltageGenerator|display5[9]                                        ; pin_out          ;
; |DMFBTrainMoveVoltageGenerator|display6[0]                                        ; |DMFBTrainMoveVoltageGenerator|display6[0]                                        ; pin_out          ;
; |DMFBTrainMoveVoltageGenerator|display6[1]                                        ; |DMFBTrainMoveVoltageGenerator|display6[1]                                        ; pin_out          ;
; |DMFBTrainMoveVoltageGenerator|display6[2]                                        ; |DMFBTrainMoveVoltageGenerator|display6[2]                                        ; pin_out          ;
; |DMFBTrainMoveVoltageGenerator|display6[3]                                        ; |DMFBTrainMoveVoltageGenerator|display6[3]                                        ; pin_out          ;
; |DMFBTrainMoveVoltageGenerator|display6[4]                                        ; |DMFBTrainMoveVoltageGenerator|display6[4]                                        ; pin_out          ;
; |DMFBTrainMoveVoltageGenerator|display6[5]                                        ; |DMFBTrainMoveVoltageGenerator|display6[5]                                        ; pin_out          ;
; |DMFBTrainMoveVoltageGenerator|display6[6]                                        ; |DMFBTrainMoveVoltageGenerator|display6[6]                                        ; pin_out          ;
; |DMFBTrainMoveVoltageGenerator|display7[0]                                        ; |DMFBTrainMoveVoltageGenerator|display7[0]                                        ; pin_out          ;
; |DMFBTrainMoveVoltageGenerator|display7[1]                                        ; |DMFBTrainMoveVoltageGenerator|display7[1]                                        ; pin_out          ;
; |DMFBTrainMoveVoltageGenerator|display7[2]                                        ; |DMFBTrainMoveVoltageGenerator|display7[2]                                        ; pin_out          ;
; |DMFBTrainMoveVoltageGenerator|display7[3]                                        ; |DMFBTrainMoveVoltageGenerator|display7[3]                                        ; pin_out          ;
; |DMFBTrainMoveVoltageGenerator|display7[4]                                        ; |DMFBTrainMoveVoltageGenerator|display7[4]                                        ; pin_out          ;
; |DMFBTrainMoveVoltageGenerator|display7[5]                                        ; |DMFBTrainMoveVoltageGenerator|display7[5]                                        ; pin_out          ;
; |DMFBTrainMoveVoltageGenerator|display7[6]                                        ; |DMFBTrainMoveVoltageGenerator|display7[6]                                        ; pin_out          ;
; |DMFBTrainMoveVoltageGenerator|display8[0]                                        ; |DMFBTrainMoveVoltageGenerator|display8[0]                                        ; pin_out          ;
; |DMFBTrainMoveVoltageGenerator|display8[1]                                        ; |DMFBTrainMoveVoltageGenerator|display8[1]                                        ; pin_out          ;
; |DMFBTrainMoveVoltageGenerator|display8[2]                                        ; |DMFBTrainMoveVoltageGenerator|display8[2]                                        ; pin_out          ;
; |DMFBTrainMoveVoltageGenerator|display8[3]                                        ; |DMFBTrainMoveVoltageGenerator|display8[3]                                        ; pin_out          ;
; |DMFBTrainMoveVoltageGenerator|display8[4]                                        ; |DMFBTrainMoveVoltageGenerator|display8[4]                                        ; pin_out          ;
; |DMFBTrainMoveVoltageGenerator|display8[5]                                        ; |DMFBTrainMoveVoltageGenerator|display8[5]                                        ; pin_out          ;
; |DMFBTrainMoveVoltageGenerator|display8[6]                                        ; |DMFBTrainMoveVoltageGenerator|display8[6]                                        ; pin_out          ;
; |DMFBTrainMoveVoltageGenerator|display9[0]                                        ; |DMFBTrainMoveVoltageGenerator|display9[0]                                        ; pin_out          ;
; |DMFBTrainMoveVoltageGenerator|display9[1]                                        ; |DMFBTrainMoveVoltageGenerator|display9[1]                                        ; pin_out          ;
; |DMFBTrainMoveVoltageGenerator|display9[2]                                        ; |DMFBTrainMoveVoltageGenerator|display9[2]                                        ; pin_out          ;
; |DMFBTrainMoveVoltageGenerator|display9[3]                                        ; |DMFBTrainMoveVoltageGenerator|display9[3]                                        ; pin_out          ;
; |DMFBTrainMoveVoltageGenerator|display9[4]                                        ; |DMFBTrainMoveVoltageGenerator|display9[4]                                        ; pin_out          ;
; |DMFBTrainMoveVoltageGenerator|display9[5]                                        ; |DMFBTrainMoveVoltageGenerator|display9[5]                                        ; pin_out          ;
; |DMFBTrainMoveVoltageGenerator|display9[6]                                        ; |DMFBTrainMoveVoltageGenerator|display9[6]                                        ; pin_out          ;
; |DMFBTrainMoveVoltageGenerator|clockControl                                       ; |DMFBTrainMoveVoltageGenerator|clockControl                                       ; out              ;
; |DMFBTrainMoveVoltageGenerator|DMFB_Train_Datapath:D0|xTimer:T0|counter~0         ; |DMFBTrainMoveVoltageGenerator|DMFB_Train_Datapath:D0|xTimer:T0|counter~0         ; out              ;
; |DMFBTrainMoveVoltageGenerator|DMFB_Train_Datapath:D0|xTimer:T0|counter~1         ; |DMFBTrainMoveVoltageGenerator|DMFB_Train_Datapath:D0|xTimer:T0|counter~1         ; out              ;
; |DMFBTrainMoveVoltageGenerator|DMFB_Train_Datapath:D0|xTimer:T0|counter~2         ; |DMFBTrainMoveVoltageGenerator|DMFB_Train_Datapath:D0|xTimer:T0|counter~2         ; out              ;
; |DMFBTrainMoveVoltageGenerator|DMFB_Train_Datapath:D0|xTimer:T0|counter~3         ; |DMFBTrainMoveVoltageGenerator|DMFB_Train_Datapath:D0|xTimer:T0|counter~3         ; out              ;
; |DMFBTrainMoveVoltageGenerator|DMFB_Train_Datapath:D0|xTimer:T0|clockOut~0        ; |DMFBTrainMoveVoltageGenerator|DMFB_Train_Datapath:D0|xTimer:T0|clockOut~0        ; out              ;
; |DMFBTrainMoveVoltageGenerator|DMFB_Train_Datapath:D0|xTimer:T0|clockOut~1        ; |DMFBTrainMoveVoltageGenerator|DMFB_Train_Datapath:D0|xTimer:T0|clockOut~1        ; out              ;
; |DMFBTrainMoveVoltageGenerator|DMFB_Train_Datapath:D0|xTimer:T0|clockOut          ; |DMFBTrainMoveVoltageGenerator|DMFB_Train_Datapath:D0|xTimer:T0|clockOut          ; regout           ;
; |DMFBTrainMoveVoltageGenerator|DMFB_Train_Datapath:D0|xTimer:T0|counter~4         ; |DMFBTrainMoveVoltageGenerator|DMFB_Train_Datapath:D0|xTimer:T0|counter~4         ; out              ;
; |DMFBTrainMoveVoltageGenerator|DMFB_Train_Datapath:D0|xTimer:T0|counter~5         ; |DMFBTrainMoveVoltageGenerator|DMFB_Train_Datapath:D0|xTimer:T0|counter~5         ; out              ;
; |DMFBTrainMoveVoltageGenerator|DMFB_Train_Datapath:D0|xTimer:T0|counter~6         ; |DMFBTrainMoveVoltageGenerator|DMFB_Train_Datapath:D0|xTimer:T0|counter~6         ; out              ;
; |DMFBTrainMoveVoltageGenerator|DMFB_Train_Datapath:D0|xTimer:T0|counter~7         ; |DMFBTrainMoveVoltageGenerator|DMFB_Train_Datapath:D0|xTimer:T0|counter~7         ; out              ;
; |DMFBTrainMoveVoltageGenerator|DMFB_Train_Datapath:D0|xTimer:T0|clockOut~2        ; |DMFBTrainMoveVoltageGenerator|DMFB_Train_Datapath:D0|xTimer:T0|clockOut~2        ; out              ;
; |DMFBTrainMoveVoltageGenerator|DMFB_Train_Datapath:D0|xTimer:T0|counter~8         ; |DMFBTrainMoveVoltageGenerator|DMFB_Train_Datapath:D0|xTimer:T0|counter~8         ; out              ;
; |DMFBTrainMoveVoltageGenerator|DMFB_Train_Datapath:D0|xTimer:T0|counter~9         ; |DMFBTrainMoveVoltageGenerator|DMFB_Train_Datapath:D0|xTimer:T0|counter~9         ; out              ;
; |DMFBTrainMoveVoltageGenerator|DMFB_Train_Datapath:D0|xTimer:T0|counter~10        ; |DMFBTrainMoveVoltageGenerator|DMFB_Train_Datapath:D0|xTimer:T0|counter~10        ; out              ;
; |DMFBTrainMoveVoltageGenerator|DMFB_Train_Datapath:D0|xTimer:T0|clockOut~3        ; |DMFBTrainMoveVoltageGenerator|DMFB_Train_Datapath:D0|xTimer:T0|clockOut~3        ; out              ;
; |DMFBTrainMoveVoltageGenerator|DMFB_Train_Datapath:D0|xTimer:T0|counter[0]        ; |DMFBTrainMoveVoltageGenerator|DMFB_Train_Datapath:D0|xTimer:T0|counter[0]        ; regout           ;
; |DMFBTrainMoveVoltageGenerator|DMFB_Train_Datapath:D0|xTimer:T0|counter[1]        ; |DMFBTrainMoveVoltageGenerator|DMFB_Train_Datapath:D0|xTimer:T0|counter[1]        ; regout           ;
; |DMFBTrainMoveVoltageGenerator|DMFB_Train_Datapath:D0|xTimer:T0|counter[2]        ; |DMFBTrainMoveVoltageGenerator|DMFB_Train_Datapath:D0|xTimer:T0|counter[2]        ; regout           ;
; |DMFBTrainMoveVoltageGenerator|DMFB_Train_Datapath:D0|xTimer:T0|counter[3]        ; |DMFBTrainMoveVoltageGenerator|DMFB_Train_Datapath:D0|xTimer:T0|counter[3]        ; regout           ;
; |DMFBTrainMoveVoltageGenerator|DMFB_Train_Controller:C0|voltageActuation~0        ; |DMFBTrainMoveVoltageGenerator|DMFB_Train_Controller:C0|voltageActuation~0        ; out              ;
; |DMFBTrainMoveVoltageGenerator|DMFB_Train_Controller:C0|clr_t~0                   ; |DMFBTrainMoveVoltageGenerator|DMFB_Train_Controller:C0|clr_t~0                   ; out              ;
; |DMFBTrainMoveVoltageGenerator|DMFB_Train_Controller:C0|stateCurrent~1            ; |DMFBTrainMoveVoltageGenerator|DMFB_Train_Controller:C0|stateCurrent~1            ; out              ;
; |DMFBTrainMoveVoltageGenerator|DMFB_Train_Controller:C0|clr_t~2                   ; |DMFBTrainMoveVoltageGenerator|DMFB_Train_Controller:C0|clr_t~2                   ; out              ;
; |DMFBTrainMoveVoltageGenerator|DMFB_Train_Controller:C0|clr_t~3                   ; |DMFBTrainMoveVoltageGenerator|DMFB_Train_Controller:C0|clr_t~3                   ; out              ;
; |DMFBTrainMoveVoltageGenerator|DMFB_Train_Controller:C0|clr_t~4                   ; |DMFBTrainMoveVoltageGenerator|DMFB_Train_Controller:C0|clr_t~4                   ; out              ;
; |DMFBTrainMoveVoltageGenerator|DMFB_Train_Controller:C0|voltageActuation~3        ; |DMFBTrainMoveVoltageGenerator|DMFB_Train_Controller:C0|voltageActuation~3        ; out              ;
; |DMFBTrainMoveVoltageGenerator|DMFB_Train_Controller:C0|clr_t~5                   ; |DMFBTrainMoveVoltageGenerator|DMFB_Train_Controller:C0|clr_t~5                   ; out              ;
; |DMFBTrainMoveVoltageGenerator|DMFB_Train_Controller:C0|voltageActuation~4        ; |DMFBTrainMoveVoltageGenerator|DMFB_Train_Controller:C0|voltageActuation~4        ; out              ;
; |DMFBTrainMoveVoltageGenerator|DMFB_Train_Controller:C0|clr_t                     ; |DMFBTrainMoveVoltageGenerator|DMFB_Train_Controller:C0|clr_t                     ; regout           ;
; |DMFBTrainMoveVoltageGenerator|DMFB_Train_Controller:C0|voltageActuation          ; |DMFBTrainMoveVoltageGenerator|DMFB_Train_Controller:C0|voltageActuation          ; regout           ;
; |DMFBTrainMoveVoltageGenerator|DMFB_Train_Controller:C0|stateCurrent.done         ; |DMFBTrainMoveVoltageGenerator|DMFB_Train_Controller:C0|stateCurrent.done         ; regout           ;
; |DMFBTrainMoveVoltageGenerator|DMFB_Train_Controller:C0|stateCurrent.applyVoltage ; |DMFBTrainMoveVoltageGenerator|DMFB_Train_Controller:C0|stateCurrent.applyVoltage ; regout           ;
; |DMFBTrainMoveVoltageGenerator|DMFB_Train_Controller:C0|Selector8~2               ; |DMFBTrainMoveVoltageGenerator|DMFB_Train_Controller:C0|Selector8~2               ; out0             ;
; |DMFBTrainMoveVoltageGenerator|DMFB_Train_Controller:C0|stateCurrent.done~0       ; |DMFBTrainMoveVoltageGenerator|DMFB_Train_Controller:C0|stateCurrent.done~0       ; out0             ;
; |DMFBTrainMoveVoltageGenerator|DMFB_Train_Controller:C0|Selector8~3               ; |DMFBTrainMoveVoltageGenerator|DMFB_Train_Controller:C0|Selector8~3               ; out0             ;
; |DMFBTrainMoveVoltageGenerator|DMFB_Train_Controller:C0|Selector0~1               ; |DMFBTrainMoveVoltageGenerator|DMFB_Train_Controller:C0|Selector0~1               ; out0             ;
; |DMFBTrainMoveVoltageGenerator|DMFB_Train_Controller:C0|Selector0~3               ; |DMFBTrainMoveVoltageGenerator|DMFB_Train_Controller:C0|Selector0~3               ; out0             ;
; |DMFBTrainMoveVoltageGenerator|DMFB_Train_Controller:C0|Selector0~4               ; |DMFBTrainMoveVoltageGenerator|DMFB_Train_Controller:C0|Selector0~4               ; out0             ;
; |DMFBTrainMoveVoltageGenerator|DMFB_Train_Controller:C0|Selector1~1               ; |DMFBTrainMoveVoltageGenerator|DMFB_Train_Controller:C0|Selector1~1               ; out0             ;
; |DMFBTrainMoveVoltageGenerator|DMFB_Train_Controller:C0|Selector1~3               ; |DMFBTrainMoveVoltageGenerator|DMFB_Train_Controller:C0|Selector1~3               ; out0             ;
; |DMFBTrainMoveVoltageGenerator|DMFB_Train_Controller:C0|Selector1~4               ; |DMFBTrainMoveVoltageGenerator|DMFB_Train_Controller:C0|Selector1~4               ; out0             ;
; |DMFBTrainMoveVoltageGenerator|DMFB_Train_Controller:C0|Selector6~1               ; |DMFBTrainMoveVoltageGenerator|DMFB_Train_Controller:C0|Selector6~1               ; out0             ;
; |DMFBTrainMoveVoltageGenerator|DMFB_Train_Controller:C0|Selector7~1               ; |DMFBTrainMoveVoltageGenerator|DMFB_Train_Controller:C0|Selector7~1               ; out0             ;
; |DMFBTrainMoveVoltageGenerator|DMFB_Train_Controller:C0|Selector8~4               ; |DMFBTrainMoveVoltageGenerator|DMFB_Train_Controller:C0|Selector8~4               ; out              ;
; |DMFBTrainMoveVoltageGenerator|DMFB_Train_Datapath:D0|xTimer:T0|Add0~0            ; |DMFBTrainMoveVoltageGenerator|DMFB_Train_Datapath:D0|xTimer:T0|Add0~0            ; out0             ;
; |DMFBTrainMoveVoltageGenerator|DMFB_Train_Datapath:D0|xTimer:T0|Add0~1            ; |DMFBTrainMoveVoltageGenerator|DMFB_Train_Datapath:D0|xTimer:T0|Add0~1            ; out0             ;
; |DMFBTrainMoveVoltageGenerator|DMFB_Train_Datapath:D0|xTimer:T0|Add0~2            ; |DMFBTrainMoveVoltageGenerator|DMFB_Train_Datapath:D0|xTimer:T0|Add0~2            ; out0             ;
; |DMFBTrainMoveVoltageGenerator|DMFB_Train_Datapath:D0|xTimer:T0|Add0~3            ; |DMFBTrainMoveVoltageGenerator|DMFB_Train_Datapath:D0|xTimer:T0|Add0~3            ; out0             ;
; |DMFBTrainMoveVoltageGenerator|DMFB_Train_Datapath:D0|xTimer:T0|Add0~4            ; |DMFBTrainMoveVoltageGenerator|DMFB_Train_Datapath:D0|xTimer:T0|Add0~4            ; out0             ;
; |DMFBTrainMoveVoltageGenerator|DMFB_Train_Datapath:D0|xTimer:T0|Equal0~0          ; |DMFBTrainMoveVoltageGenerator|DMFB_Train_Datapath:D0|xTimer:T0|Equal0~0          ; out0             ;
; |DMFBTrainMoveVoltageGenerator|DMFB_Train_Datapath:D0|xTimer:T0|Equal1~0          ; |DMFBTrainMoveVoltageGenerator|DMFB_Train_Datapath:D0|xTimer:T0|Equal1~0          ; out0             ;
+-----------------------------------------------------------------------------------+-----------------------------------------------------------------------------------+------------------+


+---------------------+
; Simulator INI Usage ;
+--------+------------+
; Option ; Usage      ;
+--------+------------+


+--------------------+
; Simulator Messages ;
+--------------------+
Info: *******************************************************************
Info: Running Quartus II Simulator
    Info: Version 9.0 Build 235 06/17/2009 Service Pack 2 SJ Web Edition
    Info: Processing started: Wed Apr 29 01:13:16 2015
Info: Command: quartus_sim --read_settings_files=on --write_settings_files=off DMFBTrainMoveVoltageGenerator -c DMFBTrainMoveVoltageGenerator
Info: Can't find specified vector source file "C:/Users/ENG/Documents/AlteraProject/ProjDMFBTrainMoveVoltageGenerator_2/DMFB_Train_Controller.vwf"
Info: Using vector source file "C:/Users/ENG/Documents/AlteraProject/ProjDMFBTrainMoveVoltageGenerator_2/DMFBTrainMoveVoltageGenerator.vwf"
Info: Option to preserve fewer signal transitions to reduce memory requirements is enabled
    Info: Simulation has been partitioned into sub-simulations according to the maximum transition count determined by the engine. Transitions from memory will be flushed out to disk at the end of each sub-simulation to reduce memory requirements.
Info: Simulation partitioned into 1 sub-simulations
Info: Simulation coverage is      12.20 %
Info: Number of transitions in simulation is 670
Info: Quartus II Simulator was successful. 0 errors, 0 warnings
    Info: Peak virtual memory: 158 megabytes
    Info: Processing ended: Wed Apr 29 01:13:17 2015
    Info: Elapsed time: 00:00:01
    Info: Total CPU time (on all processors): 00:00:00


